// Jest Snapshot v1, https://goo.gl/fbAQLP

exports[`CardGrid shows the correct snapshot tree for the CardGrid component 1`] = `
<ul
  className="css-1oxkwm3"
/>
`;
