// Jest Snapshot v1, https://goo.gl/fbAQLP

exports[`Post shows the correct snapshot tree for the Post component 1`] = `
<div>
  <h1
    className="css-1ce92xy"
  >
    foo bar
  </h1>
  <p
    className="css-1itr8po"
  >
    This is the body
  </p>
</div>
`;
