// Jest Snapshot v1, https://goo.gl/fbAQLP

exports[`Users shows the correct snapshot tree for the Users component, loading 1`] = `
<div>
  Loading...
</div>
`;
